<html>
<body>
<pre>
<h1>µVision Build Log</h1>
<h2>Tool Versions:</h2>
IDE-Version: ¦ÌVision V5.24.2.0
Copyright (C) 2017 ARM Ltd and ARM Germany GmbH. All rights reserved.
License Information: 1 Administrator, 1, LIC=VGXG8-30RKG-56AQ2-9U7LA-KJDC1-J06P4
 
Tool Versions:
Toolchain:       MDK-ARM Plus  Version: 5.24.1
Toolchain Path:  E:\Keil_v5\ARM\ARMCC\Bin
C Compiler:      Armcc.exe V5.06 update 5 (build 528)
Assembler:       Armasm.exe V5.06 update 5 (build 528)
Linker/Locator:  ArmLink.exe V5.06 update 5 (build 528)
Library Manager: ArmAr.exe V5.06 update 5 (build 528)
Hex Converter:   FromElf.exe V5.06 update 5 (build 528)
CPU DLL:         SARMCM3.DLL V5.24.1
Dialog DLL:      DCM.DLL V1.16.0.0
Target DLL:      STLink\ST-LINKIII-KEIL_SWO.dll V3.0.1.0
Dialog DLL:      TCM.DLL V1.32.0.0
 
<h2>Project:</h2>
C:\Users\Administrator\Desktop\0.96OLED_U8g2\MDK-ARM\0.96OLED_I2C.uvprojx
Project File Date:  12/15/2024

<h2>Output:</h2>
*** Using Compiler 'V5.06 update 5 (build 528)', folder: 'E:\Keil_v5\ARM\ARMCC\Bin'
Build target '0.96OLED_I2C'
compiling main.c...
..\HARDWARE\stm32_u8g2.h(29): warning:  #1-D: last line of file ends without a newline
  #endif
..\HARDWARE\test.h(28): warning:  #1-D: last line of file ends without a newline
  #endif
../Core/Src/main.c: 2 warnings, 0 errors
compiling test.c...
..\HARDWARE\test.h(28): warning:  #1-D: last line of file ends without a newline
  #endif
..\HARDWARE\test.c(20): warning:  #223-D: function "sprintf" declared implicitly
  		sprintf(buff,"%d%%",(int)(i/80.0*100));
..\HARDWARE\test.c: 2 warnings, 0 errors
linking...
Program Size: Code=9082 RO-data=8182 RW-data=24 ZI-data=2944  
FromELF: creating hex file...
"0.96OLED_I2C\0.96OLED_I2C" - 0 Error(s), 4 Warning(s).

<h2>Software Packages used:</h2>

Package Vendor: ARM
                http://www.keil.com/pack/ARM.CMSIS.5.0.1.pack
                ARM.CMSIS.5.0.1
                CMSIS (Cortex Microcontroller Software Interface Standard)
   * Component: CORE Version: 5.0.1

Package Vendor: Keil
                http://www.keil.com/pack/Keil.STM32F1xx_DFP.2.2.0.pack
                Keil.STM32F1xx_DFP.2.2.0
                STMicroelectronics STM32F1 Series Device Support, Drivers and Examples

<h2>Collection of Component include folders:</h2>
  .\RTE\_0.96OLED_I2C
  E:\Keil_v5\ARM\PACK\ARM\CMSIS\5.0.1\CMSIS\Include
  E:\Keil_v5\ARM\PACK\Keil\STM32F1xx_DFP\2.2.0\Device\Include

<h2>Collection of Component Files used:</h2>

   * Component: ARM::CMSIS:CORE:5.0.1
Build Time Elapsed:  00:00:01
</pre>
</body>
</html>
